// Jest Snapshot v1, https://goo.gl/fbAQLP

exports[`templates:functionSurveyMultipleChoiceSubmit request should match snapshot 1`] = `
Object {
  "key": Object {
    "node": Object {
      "S": "aa-bb-cc",
    },
    "path": Object {
      "S": "answer#dd-ee-ff",
    },
  },
  "operation": "UpdateItem",
  "update": Object {
    "expression": "ADD #votes :one",
    "expressionNames": Object {
      "#votes": "votes",
    },
    "expressionValues": Object {
      ":one": Object {
        "N": 1,
      },
    },
  },
  "version": "2017-02-28",
}
`;

exports[`templates:functionSurveyMultipleChoiceSubmit response should match snapshot 1`] = `Object {}`;
