// Jest Snapshot v1, https://goo.gl/fbAQLP

exports[`templates:mutationSurveyMultipleChoiceSubmit request should match snapshot 1`] = `Object {}`;

exports[`templates:mutationSurveyMultipleChoiceSubmit response should match snapshot 1`] = `
Object {
  "id": "hh-ii-kk",
}
`;
